Launching lib\main.dart on SM S721B in debug mode...
Running Gradle task 'assembleDebug'...                          
flutter : lib/screens/d
ashboard/dashboard_scre
en.dart:148:27: Error: 
Can't find ')' to 
match '('.
At line:1 char:1
+ flutter run -d 
192.168.0.171:5555 > 
build_output.txt 2>&1
+ ~~~~~~~~~~~~~~~~~~~~~
~~~~~~~~~~~~~~~~~~~~~~~
~~~~~~~~~~~~~
    + CategoryInfo     
         : NotSpecifi  
  ed: (lib/screens/d   
 as...' to match '(    
'.:String) [], Rem    
oteException
    + FullyQualifiedEr 
   rorId : NativeComm  
  andError
 
    return 
GestureDetector(
                       
   ^
lib/screens/dashboard/d
ashboard_screen.dart:24
1:2: Error: The 
control character 
U+0000 can only be 
used in strings and 
comments.
} 
 
 ^
lib/screens/dashboard/d
ashboard_screen.dart:24
1:4: Error: The 
control character 
U+0000 can only be 
used in strings and 
comments.
} 
 
   ^
lib/screens/dashboard/d
ashboard_screen.dart:24
2:1: Error: The 
control character 
U+0000 can only be 
used in strings and 
comments.
 
^
Target kernel_snapshot_
program failed: 
Exception


FAILURE: Build failed 
with an exception.

* What went wrong:
Execution failed for 
task ':app:compileFlutt
erBuildDebug'.
> Process 'command 'C:\
flutter\bin\flutter.bat
'' finished with 
non-zero exit value 1

* Try:
> Run with 
--stacktrace option to 
get the stack trace.
> Run with --info or 
--debug option to get 
more log output.
> Run with --scan to 
get full insights.
> Get more help at http
s://help.gradle.org.

BUILD FAILED in 6s
Running Gradle task 'assembleDebug'...                              7.0s
Error: Gradle task 
assembleDebug failed 
with exit code 1
